2026-05-31 12:09:06,028 - INFO - Script iniciat
2026-05-31 12:09:49,381 - WARNING - Pàgina sense resultats
2026-05-31 12:14:38,384 - INFO - Script iniciat
2026-05-31 12:15:30,667 - INFO - Script iniciat
2026-05-31 12:15:31,474 - INFO - Pàgina 1/50
2026-05-31 12:15:32,301 - INFO - Pàgina 2/50
2026-05-31 12:15:32,907 - INFO - Pàgina 3/50
2026-05-31 12:15:33,931 - INFO - Pàgina 4/50
2026-05-31 12:15:34,764 - INFO - Pàgina 5/50
2026-05-31 12:15:35,470 - INFO - Pàgina 6/50
2026-05-31 12:15:36,439 - INFO - Pàgina 7/50
2026-05-31 12:15:37,048 - INFO - Pàgina 8/50
2026-05-31 12:15:37,732 - INFO - Pàgina 9/50
2026-05-31 12:15:38,453 - INFO - Pàgina 10/50
2026-05-31 12:15:39,443 - WARNING - La pàgina 11 retorna el codi de servidor 200
2026-05-31 12:15:39,444 - WARNING - Pàgina sense resultats
2026-05-31 12:18:25,047 - INFO - Script iniciat
2026-05-31 12:18:25,966 - INFO - Pàgina 1/50
2026-05-31 12:18:26,991 - INFO - Pàgina 2/50
2026-05-31 12:18:28,014 - INFO - Pàgina 3/50
2026-05-31 12:18:29,039 - INFO - Pàgina 4/50
2026-05-31 12:18:29,754 - INFO - Pàgina 5/50
2026-05-31 12:18:30,489 - INFO - Navegació finalitzada
